// Jest Snapshot v1, https://goo.gl/fbAQLP

exports[`Header renders correctly 1`] = `
<header>
  <h1>
    Navid Goalpure
  </h1>
  <p>
    Seniur Front-end Web Developer. Part time Blockchain evangelist  
  </p>
  <ul
    className="actions"
  >
    <li>
      <a
        className="arrow"
        href="#first"
        onClick={[Function]}
      >
        <span
          className="label"
        >
          Next
        </span>
      </a>
    </li>
  </ul>
</header>
`;
